---
source: crates/cockpitctl-feature-grid/tests/feature_grid_snapshots.rs
expression: "render_grid(&[\"--disable-policy-signing\"])"
---
cli_args: ["--disable-policy-signing"]

feature              compiled     runtime      grid_match
--------------------------------------------------------
hooks                true         true         true      
buildfix             true         true         true      
policy-signing       true         false        true      

RuntimeFeatureState: hooks=true, buildfix=true, policy_signing=false
