---
source: crates/cockpitctl-feature-grid/tests/feature_grid_snapshots.rs
expression: "render_grid(&[\"--disable-hooks\", \"--disable-buildfix\",\n\"--disable-policy-signing\",])"
---
cli_args: ["--disable-hooks", "--disable-buildfix", "--disable-policy-signing"]

feature              compiled     runtime      grid_match
--------------------------------------------------------
hooks                true         false        true      
buildfix             true         false        true      
policy-signing       true         false        true      

RuntimeFeatureState: hooks=false, buildfix=false, policy_signing=false
