---
source: crates/cockpitctl-feature-grid/tests/snapshot_tests.rs
expression: results
---
[
    (
        "present",
        Some(
            true,
        ),
    ),
    (
        "absent",
        Some(
            false,
        ),
    ),
    (
        "enabled",
        Some(
            true,
        ),
    ),
    (
        "disabled",
        Some(
            false,
        ),
    ),
    (
        "on",
        Some(
            true,
        ),
    ),
    (
        "off",
        Some(
            false,
        ),
    ),
    (
        "PRESENT",
        Some(
            true,
        ),
    ),
    (
        "ABSENT",
        Some(
            false,
        ),
    ),
    (
        "unknown",
        None,
    ),
    (
        "",
        None,
    ),
    (
        "yes",
        None,
    ),
    (
        "true",
        None,
    ),
]
