---
source: crates/cockpitctl-render/tests/snapshot_expansion_wave34.rs
expression: combined
---
::error file=src/main.rs,line=42,title=[builddiag] E0308::mismatched types: expected bool
::warning file=src/lib.rs,line=10,title=[clippy] clippy::unwrap_used::used `unwrap()` on a Result
::notice file=src/config.rs,line=5,title=[lint] INFO-001::consider using a constant
